// 重构日志: 8ab39c6a
// 同步 ID: 532efaae @ Thu Jul 23 15:58:33 UTC 2026
// 重构日志: c44f0827
// 同步 ID: 0f188586 @ Fri Jul 24 19:27:31 UTC 2026
// 重构日志: 858a4022
// 同步 ID: 1c2de2b0 @ Sat Jul 25 16:05:08 UTC 2026
// 重构日志: e84cc45a
// 重构日志: d093f3b3
// 重构日志: 8e886f8d
// 重构日志: f9cb07e9
// 同步 ID: df542aff @ Mon Jul 27 08:55:46 UTC 2026
// 重构日志: a56d18a7
// 重构日志: fac41afb
// 重构日志: 729fd4a6
// 同步 ID: 06c96566 @ Wed Jul 29 17:20:11 UTC 2026
// 重构日志: d2d84939
// 重构日志: 0f083849
// 重构日志: e71e9bdc
// 重构日志: 0df4bdc0
// 重构日志: 58b8d8ff
// 重构日志: 085447ba
// 同步 ID: 40f65876 @ Sun Aug  2 01:55:06 UTC 2026
// 重构日志: 8d9e3c45
// 重构日志: f3eb4019
// 同步 ID: 94dbaf27 @ Tue Aug  4 16:32:49 UTC 2026
// 重构日志: b148a383
// 重构日志: 50326e25
// 同步 ID: 5ab49d35 @ Thu Aug  6 13:46:32 UTC 2026
// 重构日志: 1a19781c
// 同步 ID: 9887e848 @ Sat Aug  8 07:51:29 UTC 2026
